// Jest Snapshot v1, https://goo.gl/fbAQLP

exports[`Author renders correctly 1`] = `
<div>
  <p>
    Software Engineer.
    <a
      href="https://www.twitter.com/bakermoran"
      rel="noopener noreferrer"
      target="_blank"
    >
      <strong>
        Baker Moran
      </strong>
       on Twitter
    </a>
  </p>
</div>
`;
