// Jest Snapshot v1, https://goo.gl/fbAQLP

exports[`Feed renders correctly 1`] = `
<div>
  <div>
    <div>
      <time
        dateTime="August 31, 2016"
      >
        August 2016
      </time>
      <span />
      <span>
        <a
          href="/statistics"
        >
          Statistics
        </a>
      </span>
    </div>
    <h2>
      <a
        href="/posts/why-bayesian-statistics-ab-testin"
      >
        Why use Bayesian Statistics for AB Testing
      </a>
    </h2>
    <p>
      Why should we use Bayesian statistics when AB Testing, and how do we do it?
    </p>
    <a
      href="/posts/why-bayesian-statistics-ab-testin"
    >
      Read
    </a>
  </div>
  <div>
    <div>
      <time
        dateTime="October 19, 2021"
      >
        October 2021
      </time>
      <span />
      <span>
        <a
          href="/language"
        >
          Language
        </a>
      </span>
    </div>
    <h2>
      <a
        href="/posts/why-you-need-to-learn-another-language"
      >
        Why you need to learn another language
      </a>
    </h2>
    <p>
      How does the language you speak affect the way you perceive the world, and how can learning a new one unlock hidden learnings?
    </p>
    <a
      href="/posts/why-you-need-to-learn-another-language"
    >
      Read
    </a>
  </div>
  <div>
    <div>
      <time
        dateTime="June 30, 2022"
      >
        June 2022
      </time>
      <span />
      <span>
        <a
          href="/urbanism"
        >
          Urbanism
        </a>
      </span>
    </div>
    <h2>
      <a
        href="/posts/cities-are-more-expensive-than-ever"
      >
        Cities are more expensive than ever
      </a>
    </h2>
    <p />
    <a
      href="/posts/cities-are-more-expensive-than-ever"
    >
      Read
    </a>
  </div>
</div>
`;
